Traceback (most recent call last):
  File "D:\Veda_AI_V2\backend\main.py", line 71, in assess_paper
    questions = services.extract_questions_from_images(qp_images, qp_dims)
  File "D:\Veda_AI_V2\backend\services.py", line 39, in extract_questions_from_images
        response = client.models.generate_content(
                   ~~~~~~~~~~~~~~~~~~~~~~~~~~~~~~^
        model='gemini-3.6-flash',
        ^^^^^^^^^^^^^^^^^^^^^^^^^
    ...<4 lines>...
        ),
        ^^
    )
    ^
  File "D:\Veda_AI_V2\backend\.venv\Lib\site-packages\google\genai\models.py", line 6270, in generate_content
    response = self._generate_content(
        model=model, contents=contents, config=parsed_config_to_call
    )
  File "D:\Veda_AI_V2\backend\.venv\Lib\site-packages\google\genai\models.py", line 4707, in _generate_content
    response = self._api_client.request(
        'post', path, request_dict, http_options
    )
  File "D:\Veda_AI_V2\backend\.venv\Lib\site-packages\google\genai\_api_client.py", line 1747, in request
    response = self._request(http_request, http_options, stream=False)
  File "D:\Veda_AI_V2\backend\.venv\Lib\site-packages\google\genai\_api_client.py", line 1534, in _request
    return self._retry(self._request_once, http_request, stream)  # type: ignore[no-any-return]
           ~~~~~~~~~~~^^^^^^^^^^^^^^^^^^^^^^^^^^^^^^^^^^^^^^^^^^
  File "D:\Veda_AI_V2\backend\.venv\Lib\site-packages\tenacity\__init__.py", line 470, in __call__
    do = self.iter(retry_state=retry_state)
  File "D:\Veda_AI_V2\backend\.venv\Lib\site-packages\tenacity\__init__.py", line 371, in iter
    result = action(retry_state)
  File "D:\Veda_AI_V2\backend\.venv\Lib\site-packages\tenacity\__init__.py", line 413, in exc_check
    raise retry_exc.reraise()
          ~~~~~~~~~~~~~~~~~^^
  File "D:\Veda_AI_V2\backend\.venv\Lib\site-packages\tenacity\__init__.py", line 184, in reraise
    raise self.last_attempt.result()
          ~~~~~~~~~~~~~~~~~~~~~~~~^^
  File "C:\Python313\Lib\concurrent\futures\_base.py", line 449, in result
    return self.__get_result()
           ~~~~~~~~~~~~~~~~~^^
  File "C:\Python313\Lib\concurrent\futures\_base.py", line 401, in __get_result
    raise self._exception
  File "D:\Veda_AI_V2\backend\.venv\Lib\site-packages\tenacity\__init__.py", line 473, in __call__
    result = fn(*args, **kwargs)
  File "D:\Veda_AI_V2\backend\.venv\Lib\site-packages\google\genai\_api_client.py", line 1511, in _request_once
    errors.APIError.raise_for_response(response)
    ~~~~~~~~~~~~~~~~~~~~~~~~~~~~~~~~~~^^^^^^^^^^
  File "D:\Veda_AI_V2\backend\.venv\Lib\site-packages\google\genai\errors.py", line 173, in raise_for_response
    cls.raise_error(response.status_code, response_json, response)
    ~~~~~~~~~~~~~~~^^^^^^^^^^^^^^^^^^^^^^^^^^^^^^^^^^^^^^^^^^^^^^^
  File "D:\Veda_AI_V2\backend\.venv\Lib\site-packages\google\genai\errors.py", line 202, in raise_error
    raise ClientError(status_code, response_json, response)
google.genai.errors.ClientError: 429 RESOURCE_EXHAUSTED. {'error': {'code': 429, 'message': 'You exceeded your current quota, please check your plan and billing details. For more information on this error, head to: https://ai.google.dev/gemini-api/docs/rate-limits. To monitor your current usage, head to: https://ai.dev/rate-limit. \n* Quota exceeded for metric: generativelanguage.googleapis.com/generate_content_free_tier_requests, limit: 20, model: gemini-3.6-flash\nPlease retry in 36.957159573s.', 'status': 'RESOURCE_EXHAUSTED', 'details': [{'@type': 'type.googleapis.com/google.rpc.Help', 'links': [{'description': 'Learn more about Gemini API quotas', 'url': 'https://ai.google.dev/gemini-api/docs/rate-limits'}]}, {'@type': 'type.googleapis.com/google.rpc.QuotaFailure', 'violations': [{'quotaMetric': 'generativelanguage.googleapis.com/generate_content_free_tier_requests', 'quotaId': 'GenerateRequestsPerDayPerProjectPerModel-FreeTier', 'quotaDimensions': {'location': 'global', 'model': 'gemini-3.6-flash'}, 'quotaValue': '20'}]}, {'@type': 'type.googleapis.com/google.rpc.RetryInfo', 'retryDelay': '36s'}]}}
